src/services/styleOptimizer.ts(193,3): error TS1117: An object literal cannot have multiple properties with the same name.
